--------------------------------------------------------------------------------
Release 13.4 Trace  (lin64)
Copyright (c) 1995-2011 Xilinx, Inc.  All rights reserved.

/usr/local/insa/Xilinx.ISE/13.4/ISE_DS/ISE/bin/lin64/unwrapped/trce -intstyle
ise -v 3 -s 3 -n 3 -fastpaths -xml test_ALU.twx test_ALU.ncd -o test_ALU.twr
test_ALU.pcf -ucf test_ALU.ucf

Design file:              test_ALU.ncd
Physical constraint file: test_ALU.pcf
Device,package,speed:     xc6slx16,csg324,C,-3 (PRODUCTION 1.21 2012-01-07)
Report level:             verbose report

Environment Variable      Effect 
--------------------      ------ 
NONE                      No environment variables were set
--------------------------------------------------------------------------------

INFO:Timing:2698 - No timing constraints found, doing default enumeration.
INFO:Timing:3412 - To improve timing, see the Timing Closure User Guide (UG612).
INFO:Timing:2752 - To get complete path coverage, use the unconstrained paths 
   option. All paths that are not constrained will be reported in the 
   unconstrained paths section(s) of the report.
INFO:Timing:3339 - The clock-to-out numbers in this timing report are based on 
   a 50 Ohm transmission line loading model.  For the details of this model, 
   and for more information on accounting for different loading conditions, 
   please see the device datasheet.



Data Sheet report:
-----------------
All values displayed in nanoseconds (ns)

Setup/Hold to clock CK
------------+------------+------------+------------+------------+------------------+--------+
            |Max Setup to|  Process   |Max Hold to |  Process   |                  | Clock  |
Source      | clk (edge) |   Corner   | clk (edge) |   Corner   |Internal Clock(s) | Phase  |
------------+------------+------------+------------+------------+------------------+--------+
In1<0>      |   -0.034(R)|      FAST  |    1.331(R)|      SLOW  |CK_BUFGP          |   0.000|
In1<1>      |   -0.064(R)|      FAST  |    1.361(R)|      SLOW  |CK_BUFGP          |   0.000|
In1<2>      |   -0.033(R)|      FAST  |    1.316(R)|      SLOW  |CK_BUFGP          |   0.000|
In1<3>      |   -0.003(R)|      FAST  |    1.300(R)|      SLOW  |CK_BUFGP          |   0.000|
In2<0>      |    0.028(R)|      FAST  |    1.255(R)|      SLOW  |CK_BUFGP          |   0.000|
In2<1>      |   -0.058(R)|      FAST  |    1.355(R)|      SLOW  |CK_BUFGP          |   0.000|
In2<2>      |   -0.027(R)|      FAST  |    1.310(R)|      SLOW  |CK_BUFGP          |   0.000|
In2<3>      |    0.005(R)|      FAST  |    1.292(R)|      SLOW  |CK_BUFGP          |   0.000|
LOAD        |    4.613(R)|      SLOW  |   -2.192(R)|      FAST  |CK_BUFGP          |   0.000|
RST         |    4.205(R)|      SLOW  |   -1.949(R)|      FAST  |CK_BUFGP          |   0.000|
------------+------------+------------+------------+------------+------------------+--------+

Clock CK to Pad
------------+-----------------+------------+-----------------+------------+------------------+--------+
            |Max (slowest) clk|  Process   |Min (fastest) clk|  Process   |                  | Clock  |
Destination |  (edge) to PAD  |   Corner   |  (edge) to PAD  |   Corner   |Internal Clock(s) | Phase  |
------------+-----------------+------------+-----------------+------------+------------------+--------+
Dout1<0>    |         9.032(R)|      SLOW  |         4.894(R)|      FAST  |CK_BUFGP          |   0.000|
Dout1<1>    |         8.572(R)|      SLOW  |         4.663(R)|      FAST  |CK_BUFGP          |   0.000|
Dout1<2>    |         8.446(R)|      SLOW  |         4.490(R)|      FAST  |CK_BUFGP          |   0.000|
Dout1<3>    |         8.475(R)|      SLOW  |         4.497(R)|      FAST  |CK_BUFGP          |   0.000|
Dout2<0>    |         8.927(R)|      SLOW  |         4.883(R)|      FAST  |CK_BUFGP          |   0.000|
Dout2<1>    |         8.978(R)|      SLOW  |         4.972(R)|      FAST  |CK_BUFGP          |   0.000|
Dout2<2>    |         9.110(R)|      SLOW  |         4.970(R)|      FAST  |CK_BUFGP          |   0.000|
Dout2<3>    |         8.605(R)|      SLOW  |         4.629(R)|      FAST  |CK_BUFGP          |   0.000|
------------+-----------------+------------+-----------------+------------+------------------+--------+


Analysis completed Wed Apr 14 11:49:25 2021 
--------------------------------------------------------------------------------

Trace Settings:
-------------------------
Trace Settings 

Peak Memory Usage: 387 MB



